[
  [
    131,
    198,
    211,
    184,
    25,
    218,
    198,
    27,
    51,
    236,
    99,
    77,
    156,
    198,
    69,
    12,
    169,
    95,
    60,
    247,
    238,
    255,
    178,
    21,
    92,
    159,
    217,
    62,
    147,
    175,
    110,
    144
  ],
  255
]