[
  [
    13,
    93,
    127,
    159,
    190,
    120,
    59,
    105,
    181,
    252,
    217,
    8,
    155,
    11,
    61,
    184,
    10,
    31,
    187,
    151,
    10,
    182,
    160,
    65,
    32,
    91,
    138,
    248,
    33,
    83,
    116,
    88
  ],
  255
]