{
  "intent_hash": "255f2a1496305c011f87acbc77d14b9ac4933a6a9d6371eb721574ad54d05ef4",
  "reward_hash": "84edd0037a3c3412b048115075bd06c26c163c831f2209a4ae4bc205232827c0",
  "route_hash": "d62289f1cb111eb3280f14b89b27c69e0ee70513e9dc9ffc442844607c2e3eb4"
}