(
    3bxcLvFyzZwaeErYPXJRitXzD3PA9ocfkoNTrtbHA7rq,
    255,
)