ProofData {
    destination: 8,
    intent_hashes_claimants: [],
}