IntentHashesClaimants(
    [
        (
            Bytes32(
                [
                    17,
                    17,
                    17,
                    17,
                    17,
                    17,
                    17,
                    17,
                    17,
                    17,
                    17,
                    17,
                    17,
                    17,
                    17,
                    17,
                    17,
                    17,
                    17,
                    17,
                    17,
                    17,
                    17,
                    17,
                    17,
                    17,
                    17,
                    17,
                    17,
                    17,
                    17,
                    17,
                ],
            ),
            Bytes32(
                [
                    34,
                    34,
                    34,
                    34,
                    34,
                    34,
                    34,
                    34,
                    34,
                    34,
                    34,
                    34,
                    34,
                    34,
                    34,
                    34,
                    34,
                    34,
                    34,
                    34,
                    34,
                    34,
                    34,
                    34,
                    34,
                    34,
                    34,
                    34,
                    34,
                    34,
                    34,
                    34,
                ],
            ),
        ),
    ],
)