ProofData {
    destination: 8,
    intent_hashes_claimants: [
        IntentHashClaimant {
            intent_hash: Bytes32(
                [
                    170,
                    170,
                    170,
                    170,
                    170,
                    170,
                    170,
                    170,
                    170,
                    170,
                    170,
                    170,
                    170,
                    170,
                    170,
                    170,
                    170,
                    170,
                    170,
                    170,
                    170,
                    170,
                    170,
                    170,
                    170,
                    170,
                    170,
                    170,
                    170,
                    170,
                    170,
                    170,
                ],
            ),
            claimant: Bytes32(
                [
                    187,
                    187,
                    187,
                    187,
                    187,
                    187,
                    187,
                    187,
                    187,
                    187,
                    187,
                    187,
                    187,
                    187,
                    187,
                    187,
                    187,
                    187,
                    187,
                    187,
                    187,
                    187,
                    187,
                    187,
                    187,
                    187,
                    187,
                    187,
                    187,
                    187,
                    187,
                    187,
                ],
            ),
        },
        IntentHashClaimant {
            intent_hash: Bytes32(
                [
                    204,
                    204,
                    204,
                    204,
                    204,
                    204,
                    204,
                    204,
                    204,
                    204,
                    204,
                    204,
                    204,
                    204,
                    204,
                    204,
                    204,
                    204,
                    204,
                    204,
                    204,
                    204,
                    204,
                    204,
                    204,
                    204,
                    204,
                    204,
                    204,
                    204,
                    204,
                    204,
                ],
            ),
            claimant: Bytes32(
                [
                    221,
                    221,
                    221,
                    221,
                    221,
                    221,
                    221,
                    221,
                    221,
                    221,
                    221,
                    221,
                    221,
                    221,
                    221,
                    221,
                    221,
                    221,
                    221,
                    221,
                    221,
                    221,
                    221,
                    221,
                    221,
                    221,
                    221,
                    221,
                    221,
                    221,
                    221,
                    221,
                ],
            ),
        },
        IntentHashClaimant {
            intent_hash: Bytes32(
                [
                    238,
                    238,
                    238,
                    238,
                    238,
                    238,
                    238,
                    238,
                    238,
                    238,
                    238,
                    238,
                    238,
                    238,
                    238,
                    238,
                    238,
                    238,
                    238,
                    238,
                    238,
                    238,
                    238,
                    238,
                    238,
                    238,
                    238,
                    238,
                    238,
                    238,
                    238,
                    238,
                ],
            ),
            claimant: Bytes32(
                [
                    255,
                    255,
                    255,
                    255,
                    255,
                    255,
                    255,
                    255,
                    255,
                    255,
                    255,
                    255,
                    255,
                    255,
                    255,
                    255,
                    255,
                    255,
                    255,
                    255,
                    255,
                    255,
                    255,
                    255,
                    255,
                    255,
                    255,
                    255,
                    255,
                    255,
                    255,
                    255,
                ],
            ),
        },
    ],
}