(
    3wEBEXgS4aVt7PpcjZgs8hCC5rtu3hcLBLvDWAYsxvzM,
    252,
)