[
  [
    224,
    36,
    29,
    10,
    72,
    11,
    238,
    72,
    151,
    249,
    167,
    170,
    13,
    34,
    194,
    34,
    140,
    224,
    83,
    101,
    219,
    15,
    203,
    76,
    80,
    68,
    90,
    87,
    101,
    2,
    22,
    17
  ],
  254
]