[
  [
    93,
    92,
    62,
    16,
    20,
    134,
    31,
    84,
    11,
    0,
    121,
    107,
    37,
    210,
    3,
    236,
    84,
    28,
    79,
    135,
    99,
    25,
    171,
    100,
    207,
    83,
    237,
    35,
    37,
    73,
    129,
    239
  ],
  254
]