[
  [
    195,
    145,
    123,
    66,
    158,
    240,
    208,
    81,
    59,
    69,
    128,
    3,
    144,
    238,
    193,
    1,
    77,
    112,
    45,
    143,
    159,
    90,
    11,
    9,
    179,
    118,
    8,
    207,
    141,
    71,
    176,
    129
  ],
  254
]