[
  12,
  2,
  197,
  6,
  56,
  180,
  181,
  192,
  147,
  197,
  82,
  240,
  116,
  230,
  236,
  48,
  255,
  53,
  171,
  165,
  69,
  31,
  234,
  35,
  55,
  186,
  101,
  158,
  172,
  51,
  210,
  28
]