[
  [
    60,
    16,
    111,
    65,
    148,
    84,
    119,
    7,
    8,
    4,
    37,
    0,
    214,
    135,
    208,
    43,
    136,
    163,
    203,
    11,
    56,
    3,
    62,
    193,
    138,
    87,
    251,
    40,
    215,
    63,
    80,
    38
  ],
  254
]