Ok(
    {
        CktRuQ2mttgRGkXJtyksdKHjUdc2C4TgDzyB98oEzy8: 600,
        GgBaCs3NCBuZN12kCJgAW63ydqohFkHEdfdEXBPzLHq: 200,
        LbUiWL3xVV8hTFYBVdbTNrpDo41NKS6o3LHHuDzjfcY: 300,
    },
)