[
  114,
  66,
  244,
  36,
  70,
  155,
  71,
  182,
  250,
  71,
  36,
  197,
  87,
  191,
  32,
  121,
  150,
  188,
  64,
  221,
  105,
  213,
  239,
  220,
  222,
  28,
  142,
  230,
  20,
  115,
  149,
  179
]