Ok(
    {
        CktRuQ2mttgRGkXJtyksdKHjUdc2C4TgDzyB98oEzy8: 150,
        GgBaCs3NCBuZN12kCJgAW63ydqohFkHEdfdEXBPzLHq: 200,
    },
)