[
  [
    229,
    33,
    52,
    222,
    88,
    33,
    46,
    225,
    217,
    70,
    89,
    79,
    173,
    250,
    159,
    12,
    65,
    11,
    224,
    80,
    210,
    222,
    9,
    130,
    91,
    223,
    152,
    157,
    172,
    27,
    174,
    120
  ],
  251
]