[
  [
    142,
    217,
    255,
    160,
    153,
    215,
    133,
    26,
    91,
    92,
    181,
    13,
    241,
    0,
    79,
    56,
    153,
    176,
    163,
    19,
    12,
    85,
    14,
    76,
    210,
    16,
    127,
    153,
    67,
    132,
    194,
    145
  ],
  251
]