[
  [
    185,
    249,
    250,
    218,
    170,
    143,
    71,
    213,
    41,
    235,
    180,
    6,
    71,
    255,
    65,
    230,
    53,
    123,
    158,
    102,
    185,
    146,
    231,
    219,
    28,
    219,
    246,
    64,
    116,
    188,
    95,
    7
  ],
  254
]