(
    1111111QLbz7JHiBTspS962RLKV8GndWFwiEaqKM,
    Bytes32(
        [
            42,
            42,
            42,
            42,
            42,
            42,
            42,
            42,
            42,
            42,
            42,
            42,
            42,
            42,
            42,
            42,
            42,
            42,
            42,
            42,
            42,
            42,
            42,
            42,
            42,
            42,
            42,
            42,
            42,
            42,
            42,
            42,
        ],
    ),
)