[
  [
    251,
    6,
    156,
    164,
    116,
    113,
    33,
    179,
    52,
    170,
    86,
    107,
    6,
    57,
    22,
    147,
    89,
    208,
    181,
    169,
    0,
    184,
    108,
    37,
    57,
    75,
    138,
    197,
    37,
    179,
    154,
    236
  ],
  255
]