[
  [
    241,
    22,
    51,
    131,
    77,
    100,
    255,
    31,
    67,
    253,
    147,
    60,
    102,
    106,
    163,
    68,
    203,
    237,
    151,
    77,
    77,
    138,
    13,
    202,
    152,
    93,
    246,
    143,
    134,
    124,
    3,
    252
  ],
  255
]