[
  [
    95,
    225,
    16,
    209,
    92,
    144,
    135,
    224,
    205,
    27,
    92,
    56,
    52,
    117,
    39,
    204,
    182,
    129,
    192,
    157,
    185,
    70,
    187,
    6,
    91,
    21,
    117,
    4,
    164,
    219,
    63,
    233
  ],
  255
]