[
  [
    112,
    31,
    54,
    164,
    212,
    196,
    232,
    171,
    67,
    93,
    45,
    186,
    143,
    171,
    86,
    219,
    202,
    154,
    156,
    105,
    153,
    83,
    255,
    193,
    232,
    67,
    207,
    194,
    98,
    81,
    13,
    122
  ],
  255
]